../Core/Src/main.c:78:1:__io_putchar	16	static
../Core/Src/main.c:130:5:main	8	static
../Core/Src/main.c:218:6:SystemClock_Config	96	static
../Core/Src/main.c:270:13:MX_DAC1_Init	48	static
../Core/Src/main.c:313:13:MX_IWDG_Init	8	static
../Core/Src/main.c:342:13:MX_TIM2_Init	40	static
../Core/Src/main.c:387:13:MX_USART1_UART_Init	8	static
../Core/Src/main.c:422:13:MX_USART2_UART_Init	8	static
../Core/Src/main.c:455:13:MX_DMA_Init	16	static
../Core/Src/main.c:473:13:MX_GPIO_Init	48	static
../Core/Src/main.c:521:6:setup_lora	8	static
../Core/Src/main.c:539:6:send_lora	32	static
../Core/Src/main.c:555:6:init_usart3	8	static
../Core/Src/main.c:580:6:enable_tty_interrupt	4	static
../Core/Src/main.c:607:6:USART3_IRQHandler	32	static
../Core/Src/main.c:705:6:TIM7_IRQHandler	64	static
../Core/Src/main.c:777:6:init_tim7	16	static
../Core/Src/main.c:796:6:Error_Handler	4	static,ignoring_inline_asm
