../Drivers/CMSIS/Include/core_cm4.h:1717:22:__NVIC_DisableIRQ	16	static,ignoring_inline_asm
../Drivers/STM32L4xx_HAL_Driver/Inc/stm32l4xx_ll_tim.h:1498:22:LL_TIM_DisableCounter	16	static
../Drivers/STM32L4xx_HAL_Driver/Inc/stm32l4xx_ll_tim.h:4094:22:LL_TIM_ClearFlag_UPDATE	16	static
../Drivers/STM32L4xx_HAL_Driver/Inc/stm32l4xx_ll_tim.h:4105:26:LL_TIM_IsActiveFlag_UPDATE	16	static
../Core/Src/stm32l4xx_it.c:75:6:NMI_Handler	4	static
../Core/Src/stm32l4xx_it.c:90:6:HardFault_Handler	4	static
../Core/Src/stm32l4xx_it.c:105:6:MemManage_Handler	4	static
../Core/Src/stm32l4xx_it.c:120:6:BusFault_Handler	4	static
../Core/Src/stm32l4xx_it.c:135:6:UsageFault_Handler	4	static
../Core/Src/stm32l4xx_it.c:150:6:SVC_Handler	4	static
../Core/Src/stm32l4xx_it.c:163:6:DebugMon_Handler	4	static
../Core/Src/stm32l4xx_it.c:176:6:PendSV_Handler	4	static
../Core/Src/stm32l4xx_it.c:189:6:SysTick_Handler	8	static
../Core/Src/stm32l4xx_it.c:210:6:TIM2_IRQHandler	16	static
../Core/Src/stm32l4xx_it.c:286:6:USART2_IRQHandler	8	static
../Core/Src/stm32l4xx_it.c:300:6:UART4_IRQHandler	8	static
../Core/Src/stm32l4xx_it.c:314:6:UART5_IRQHandler	8	static
