../Core/Src/stm32l4xx_it.c:86:6:NMI_Handler	4	static
../Core/Src/stm32l4xx_it.c:101:6:HardFault_Handler	4	static
../Core/Src/stm32l4xx_it.c:116:6:MemManage_Handler	4	static
../Core/Src/stm32l4xx_it.c:131:6:BusFault_Handler	4	static
../Core/Src/stm32l4xx_it.c:146:6:UsageFault_Handler	4	static
../Core/Src/stm32l4xx_it.c:161:6:SVC_Handler	4	static
../Core/Src/stm32l4xx_it.c:174:6:DebugMon_Handler	4	static
../Core/Src/stm32l4xx_it.c:187:6:PendSV_Handler	4	static
../Core/Src/stm32l4xx_it.c:200:6:SysTick_Handler	8	static
../Core/Src/stm32l4xx_it.c:221:6:EXTI0_IRQHandler	16	static
../Core/Src/stm32l4xx_it.c:258:6:DMA1_Channel3_IRQHandler	8	static
../Core/Src/stm32l4xx_it.c:272:6:TIM3_IRQHandler	32	static
../Core/Src/stm32l4xx_it.c:306:6:USART2_IRQHandler	8	static
